[1.503s] Invoking command in '/home/robot/robot_ws/src/build/my_first_topic_pkg': PYTHONPATH=/home/robot/robot_ws/src/build/my_first_topic_pkg/prefix_override:/usr/lib/python3/dist-packages/colcon_core/task/python/colcon_distutils_commands:/home/robot/robot_ws/src/install/my_first_topic_pkg/lib/python3.10/site-packages:${PYTHONPATH} /usr/bin/python3 -W ignore:setup.py install is deprecated -W ignore:easy_install command is deprecated setup.py develop --editable --build-directory /home/robot/robot_ws/src/build/my_first_topic_pkg/build --no-deps symlink_data
[2.223s] running develop
[2.654s] running egg_info
[2.654s] creating my_first_topic_pkg.egg-info
[2.654s] writing my_first_topic_pkg.egg-info/PKG-INFO
[2.654s] writing dependency_links to my_first_topic_pkg.egg-info/dependency_links.txt
[2.655s] writing entry points to my_first_topic_pkg.egg-info/entry_points.txt
[2.655s] writing requirements to my_first_topic_pkg.egg-info/requires.txt
[2.655s] writing top-level names to my_first_topic_pkg.egg-info/top_level.txt
[2.656s] writing manifest file 'my_first_topic_pkg.egg-info/SOURCES.txt'
[2.659s] reading manifest file 'my_first_topic_pkg.egg-info/SOURCES.txt'
[2.661s] writing manifest file 'my_first_topic_pkg.egg-info/SOURCES.txt'
[2.665s] running build_ext
[2.666s] Creating /home/robot/robot_ws/src/install/my_first_topic_pkg/lib/python3.10/site-packages/my-first-topic-pkg.egg-link (link to .)
[2.667s] Installing listener script to /home/robot/robot_ws/src/install/my_first_topic_pkg/lib/my_first_topic_pkg
[2.669s] Installing talker script to /home/robot/robot_ws/src/install/my_first_topic_pkg/lib/my_first_topic_pkg
[2.670s] 
[2.672s] Installed /home/robot/robot_ws/src/build/my_first_topic_pkg
[2.672s] running symlink_data
[2.672s] creating /home/robot/robot_ws/src/install/my_first_topic_pkg/share/ament_index
[2.672s] creating /home/robot/robot_ws/src/install/my_first_topic_pkg/share/ament_index/resource_index
[2.672s] creating /home/robot/robot_ws/src/install/my_first_topic_pkg/share/ament_index/resource_index/packages
[2.672s] symbolically linking /home/robot/robot_ws/src/build/my_first_topic_pkg/resource/my_first_topic_pkg -> /home/robot/robot_ws/src/install/my_first_topic_pkg/share/ament_index/resource_index/packages
[2.672s] symbolically linking /home/robot/robot_ws/src/build/my_first_topic_pkg/package.xml -> /home/robot/robot_ws/src/install/my_first_topic_pkg/share/my_first_topic_pkg
[2.757s] Invoked command in '/home/robot/robot_ws/src/build/my_first_topic_pkg' returned '0': PYTHONPATH=/home/robot/robot_ws/src/build/my_first_topic_pkg/prefix_override:/usr/lib/python3/dist-packages/colcon_core/task/python/colcon_distutils_commands:/home/robot/robot_ws/src/install/my_first_topic_pkg/lib/python3.10/site-packages:${PYTHONPATH} /usr/bin/python3 -W ignore:setup.py install is deprecated -W ignore:easy_install command is deprecated setup.py develop --editable --build-directory /home/robot/robot_ws/src/build/my_first_topic_pkg/build --no-deps symlink_data
