[1.479s] Invoking command in '/home/robot/robot_ws/src/build/urdf_tutorial': PYTHONPATH=/home/robot/robot_ws/src/build/urdf_tutorial/prefix_override:/usr/lib/python3/dist-packages/colcon_core/task/python/colcon_distutils_commands:/home/robot/robot_ws/src/install/urdf_tutorial/lib/python3.10/site-packages:${PYTHONPATH} /usr/bin/python3 -W ignore:setup.py install is deprecated -W ignore:easy_install command is deprecated setup.py develop --editable --build-directory /home/robot/robot_ws/src/build/urdf_tutorial/build --no-deps symlink_data
[2.138s] running develop
[2.556s] running egg_info
[2.556s] creating urdf_tutorial.egg-info
[2.556s] writing urdf_tutorial.egg-info/PKG-INFO
[2.556s] writing dependency_links to urdf_tutorial.egg-info/dependency_links.txt
[2.557s] writing entry points to urdf_tutorial.egg-info/entry_points.txt
[2.557s] writing requirements to urdf_tutorial.egg-info/requires.txt
[2.562s] writing top-level names to urdf_tutorial.egg-info/top_level.txt
[2.562s] writing manifest file 'urdf_tutorial.egg-info/SOURCES.txt'
[2.563s] reading manifest file 'urdf_tutorial.egg-info/SOURCES.txt'
[2.563s] writing manifest file 'urdf_tutorial.egg-info/SOURCES.txt'
[2.563s] running build_ext
[2.563s] Creating /home/robot/robot_ws/src/install/urdf_tutorial/lib/python3.10/site-packages/urdf-tutorial.egg-link (link to .)
[2.563s] 
[2.563s] Installed /home/robot/robot_ws/src/build/urdf_tutorial
[2.564s] running symlink_data
[2.564s] creating /home/robot/robot_ws/src/install/urdf_tutorial/share/ament_index
[2.564s] creating /home/robot/robot_ws/src/install/urdf_tutorial/share/ament_index/resource_index
[2.564s] creating /home/robot/robot_ws/src/install/urdf_tutorial/share/ament_index/resource_index/packages
[2.571s] symbolically linking /home/robot/robot_ws/src/build/urdf_tutorial/resource/urdf_tutorial -> /home/robot/robot_ws/src/install/urdf_tutorial/share/ament_index/resource_index/packages
[2.571s] symbolically linking /home/robot/robot_ws/src/build/urdf_tutorial/package.xml -> /home/robot/robot_ws/src/install/urdf_tutorial/share/urdf_tutorial
[2.571s] creating /home/robot/robot_ws/src/install/urdf_tutorial/share/urdf_tutorial/launch
[2.572s] symbolically linking /home/robot/robot_ws/src/build/urdf_tutorial/launch/robot_1.launch.py -> /home/robot/robot_ws/src/install/urdf_tutorial/share/urdf_tutorial/launch
[2.572s] creating /home/robot/robot_ws/src/install/urdf_tutorial/share/urdf_tutorial/urdf
[2.572s] symbolically linking /home/robot/robot_ws/src/build/urdf_tutorial/urdf/robot_1.xacro -> /home/robot/robot_ws/src/install/urdf_tutorial/share/urdf_tutorial/urdf
[2.606s] Invoked command in '/home/robot/robot_ws/src/build/urdf_tutorial' returned '0': PYTHONPATH=/home/robot/robot_ws/src/build/urdf_tutorial/prefix_override:/usr/lib/python3/dist-packages/colcon_core/task/python/colcon_distutils_commands:/home/robot/robot_ws/src/install/urdf_tutorial/lib/python3.10/site-packages:${PYTHONPATH} /usr/bin/python3 -W ignore:setup.py install is deprecated -W ignore:easy_install command is deprecated setup.py develop --editable --build-directory /home/robot/robot_ws/src/build/urdf_tutorial/build --no-deps symlink_data
