running develop
running egg_info
creating urdf_tutorial.egg-info
writing urdf_tutorial.egg-info/PKG-INFO
writing dependency_links to urdf_tutorial.egg-info/dependency_links.txt
writing entry points to urdf_tutorial.egg-info/entry_points.txt
writing requirements to urdf_tutorial.egg-info/requires.txt
writing top-level names to urdf_tutorial.egg-info/top_level.txt
writing manifest file 'urdf_tutorial.egg-info/SOURCES.txt'
reading manifest file 'urdf_tutorial.egg-info/SOURCES.txt'
writing manifest file 'urdf_tutorial.egg-info/SOURCES.txt'
running build_ext
Creating /home/robot/robot_ws/install/urdf_tutorial/lib/python3.10/site-packages/urdf-tutorial.egg-link (link to .)

Installed /home/robot/robot_ws/build/urdf_tutorial
running symlink_data
creating /home/robot/robot_ws/install/urdf_tutorial/share/ament_index
creating /home/robot/robot_ws/install/urdf_tutorial/share/ament_index/resource_index
creating /home/robot/robot_ws/install/urdf_tutorial/share/ament_index/resource_index/packages
symbolically linking /home/robot/robot_ws/build/urdf_tutorial/resource/urdf_tutorial -> /home/robot/robot_ws/install/urdf_tutorial/share/ament_index/resource_index/packages
symbolically linking /home/robot/robot_ws/build/urdf_tutorial/package.xml -> /home/robot/robot_ws/install/urdf_tutorial/share/urdf_tutorial
creating /home/robot/robot_ws/install/urdf_tutorial/share/urdf_tutorial/launch
symbolically linking /home/robot/robot_ws/build/urdf_tutorial/launch/robot_1.launch.py -> /home/robot/robot_ws/install/urdf_tutorial/share/urdf_tutorial/launch
creating /home/robot/robot_ws/install/urdf_tutorial/share/urdf_tutorial/urdf
symbolically linking /home/robot/robot_ws/build/urdf_tutorial/urdf/robot_1.xacro -> /home/robot/robot_ws/install/urdf_tutorial/share/urdf_tutorial/urdf
