[0.903s] Invoking command in '/home/robot/robot_ws/build/urdf_tutorial': PYTHONPATH=/home/robot/robot_ws/build/urdf_tutorial/prefix_override:/usr/lib/python3/dist-packages/colcon_core/task/python/colcon_distutils_commands:/home/robot/robot_ws/install/urdf_tutorial/lib/python3.10/site-packages:${PYTHONPATH} /usr/bin/python3 -W ignore:setup.py install is deprecated -W ignore:easy_install command is deprecated setup.py develop --editable --build-directory /home/robot/robot_ws/build/urdf_tutorial/build --no-deps symlink_data
[1.197s] running develop
[1.383s] running egg_info
[1.383s] creating urdf_tutorial.egg-info
[1.384s] writing urdf_tutorial.egg-info/PKG-INFO
[1.386s] writing dependency_links to urdf_tutorial.egg-info/dependency_links.txt
[1.387s] writing entry points to urdf_tutorial.egg-info/entry_points.txt
[1.388s] writing requirements to urdf_tutorial.egg-info/requires.txt
[1.391s] writing top-level names to urdf_tutorial.egg-info/top_level.txt
[1.392s] writing manifest file 'urdf_tutorial.egg-info/SOURCES.txt'
[1.396s] reading manifest file 'urdf_tutorial.egg-info/SOURCES.txt'
[1.397s] writing manifest file 'urdf_tutorial.egg-info/SOURCES.txt'
[1.418s] running build_ext
[1.418s] Creating /home/robot/robot_ws/install/urdf_tutorial/lib/python3.10/site-packages/urdf-tutorial.egg-link (link to .)
[1.419s] 
[1.419s] Installed /home/robot/robot_ws/build/urdf_tutorial
[1.419s] running symlink_data
[1.419s] creating /home/robot/robot_ws/install/urdf_tutorial/share/ament_index
[1.419s] creating /home/robot/robot_ws/install/urdf_tutorial/share/ament_index/resource_index
[1.421s] creating /home/robot/robot_ws/install/urdf_tutorial/share/ament_index/resource_index/packages
[1.421s] symbolically linking /home/robot/robot_ws/build/urdf_tutorial/resource/urdf_tutorial -> /home/robot/robot_ws/install/urdf_tutorial/share/ament_index/resource_index/packages
[1.421s] symbolically linking /home/robot/robot_ws/build/urdf_tutorial/package.xml -> /home/robot/robot_ws/install/urdf_tutorial/share/urdf_tutorial
[1.421s] creating /home/robot/robot_ws/install/urdf_tutorial/share/urdf_tutorial/launch
[1.421s] symbolically linking /home/robot/robot_ws/build/urdf_tutorial/launch/robot_1.launch.py -> /home/robot/robot_ws/install/urdf_tutorial/share/urdf_tutorial/launch
[1.421s] creating /home/robot/robot_ws/install/urdf_tutorial/share/urdf_tutorial/urdf
[1.421s] symbolically linking /home/robot/robot_ws/build/urdf_tutorial/urdf/robot_1.xacro -> /home/robot/robot_ws/install/urdf_tutorial/share/urdf_tutorial/urdf
[1.457s] Invoked command in '/home/robot/robot_ws/build/urdf_tutorial' returned '0': PYTHONPATH=/home/robot/robot_ws/build/urdf_tutorial/prefix_override:/usr/lib/python3/dist-packages/colcon_core/task/python/colcon_distutils_commands:/home/robot/robot_ws/install/urdf_tutorial/lib/python3.10/site-packages:${PYTHONPATH} /usr/bin/python3 -W ignore:setup.py install is deprecated -W ignore:easy_install command is deprecated setup.py develop --editable --build-directory /home/robot/robot_ws/build/urdf_tutorial/build --no-deps symlink_data
