running develop
running egg_info
creating my_first_topic_pkg.egg-info
writing my_first_topic_pkg.egg-info/PKG-INFO
writing dependency_links to my_first_topic_pkg.egg-info/dependency_links.txt
writing entry points to my_first_topic_pkg.egg-info/entry_points.txt
writing requirements to my_first_topic_pkg.egg-info/requires.txt
writing top-level names to my_first_topic_pkg.egg-info/top_level.txt
writing manifest file 'my_first_topic_pkg.egg-info/SOURCES.txt'
reading manifest file 'my_first_topic_pkg.egg-info/SOURCES.txt'
writing manifest file 'my_first_topic_pkg.egg-info/SOURCES.txt'
running build_ext
Creating /home/robot/robot_ws/install/my_first_topic_pkg/lib/python3.10/site-packages/my-first-topic-pkg.egg-link (link to .)
Installing listener script to /home/robot/robot_ws/install/my_first_topic_pkg/lib/my_first_topic_pkg
Installing talker script to /home/robot/robot_ws/install/my_first_topic_pkg/lib/my_first_topic_pkg

Installed /home/robot/robot_ws/build/my_first_topic_pkg
running symlink_data
creating /home/robot/robot_ws/install/my_first_topic_pkg/share/ament_index
creating /home/robot/robot_ws/install/my_first_topic_pkg/share/ament_index/resource_index
creating /home/robot/robot_ws/install/my_first_topic_pkg/share/ament_index/resource_index/packages
symbolically linking /home/robot/robot_ws/build/my_first_topic_pkg/resource/my_first_topic_pkg -> /home/robot/robot_ws/install/my_first_topic_pkg/share/ament_index/resource_index/packages
symbolically linking /home/robot/robot_ws/build/my_first_topic_pkg/package.xml -> /home/robot/robot_ws/install/my_first_topic_pkg/share/my_first_topic_pkg
